<html>
<body>
<pre>
<h1>礦ision Build Log</h1>
<h2>Tool Versions:</h2>
IDE-Version: μVision V5.14.0.0
Copyright (C) 2015 ARM Ltd and ARM Germany GmbH. All rights reserved.
License Information: @ @, @, LIC=CRMUH-WHBND-SFII0-BDXP6-53IT7-FIMRG
 
Tool Versions:
Toolchain:       MDK-ARM Professional  Version: 5.14.0.0
Toolchain Path:  C:\Keil_v5\ARM\ARMCC\Bin
C Compiler:      Armcc.exe V5.05 update 1 (build 106)
Assembler:       Armasm.exe V5.05 update 1 (build 106)
Linker/Locator:  ArmLink.exe V5.05 update 1 (build 106)
Library Manager: ArmAr.exe V5.05 update 1 (build 106)
Hex Converter:   FromElf.exe V5.05 update 1 (build 106)
CPU DLL:         SARMCM3.DLL V5.14.0.0
Dialog DLL:      DARMSTM.DLL V1.65.0.0
Target DLL:      Segger\JL2CM3.dll V2.99.13.0
Dialog DLL:      TARMSTM.DLL V1.64.0.0
 
<h2>Project:</h2>
C:\Users\wjl\Desktop\工作文件-wjl\提交文档\5.27\USER\EZ281_Code.uvprojx
Project File Date:  08/12/2019

<h2>Output:</h2>
Build target 'EZ281_Code'
compiling main.c...
..\PERIPHERAL\system_platform.h(44): warning:  #47-D: incompatible redefinition of macro "M25P80_NSS_GPIO" (declared at line 50 of "..\HARDWARE\SPI\spi.h")
        #define M25P80_NSS_GPIO GPIOB
..\PERIPHERAL\system_platform.h(45): warning:  #47-D: incompatible redefinition of macro "M25P80_NSS_PIN" (declared at line 51 of "..\HARDWARE\SPI\spi.h")
        #define M25P80_NSS_PIN  GPIO_Pin_12
main.c(299): warning:  #223-D: function "LCD_GPIOInit" declared implicitly
        LCD_GPIOInit();
main.c(515): warning:  #192-D: unrecognized character escape sequence
                                printf("\r\ here LED0_create-------------------------main.c\r\n");              
main.c(516): warning:  #192-D: unrecognized character escape sequence
                                printf("\r\ --------------------------------------------\r\n"); 
main.c(517): warning:  #192-D: unrecognized character escape sequence
                                printf("\r\ --------------------------------------------\r\n"); 
main.c(612): warning:  #550-D: variable "t" was set but never used
      u8 t=0;   
main.c(724): warning:  #167-D: argument of type "char *" is incompatible with parameter of type "u8 *"
                LCD_ShowString(30,70,210,24,24,result); 
main.c(725): warning:  #167-D: argument of type "char *" is incompatible with parameter of type "u8 *"
                LCD_ShowString(30,100,210,24,24,result1);
main.c: 9 warnings, 0 errors
compiling stm32f10x_it.c...
compiling system_stm32f10x.c...
compiling led.c...
compiling ILI93xx.c...
..\HARDWARE\LCD\ILI93xx.c(601): warning:  #550-D: variable "writeTiming" was set but never used
        FSMC_NORSRAMTimingInitTypeDef  writeTiming;
..\HARDWARE\LCD\ILI93xx.c: 1 warning, 0 errors
compiling timer.c...
compiling spi.c...
..\HARDWARE\SPI\spi.c(438): warning:  #223-D: function "LCD_ShowNum" declared implicitly
                        LCD_ShowNum(0+i*20,3,id[i],12,24);
..\HARDWARE\SPI\spi.c(489): warning:  #223-D: function "LCD_ShowString" declared implicitly
        LCD_ShowString(30,180,210,24,24,"M25P80_DEEP_SLEEP!!"); 
..\HARDWARE\SPI\spi.c(503): warning:  #223-D: function "LCD_ShowString" declared implicitly
                LCD_ShowString(30,180,210,24,24,"M25P80_RES!!"); 
..\HARDWARE\SPI\spi.c: 3 warnings, 0 errors
compiling sht3x.c...
compiling i2c_hal.c...
compiling system.c...
compiling DS1302.c...
compiling rtc.c...
compiling sram.c...
compiling myiic.c...
compiling delay.c...
compiling sys.c...
compiling usart.c...
compiling core_cm3.c...
compiling malloc.c...
compiling misc.c...
compiling stm32f10x_crc.c...
compiling stm32f10x_fsmc.c...
compiling stm32f10x_gpio.c...
compiling stm32f10x_rcc.c...
compiling stm32f10x_spi.c...
compiling stm32f10x_tim.c...
compiling stm32f10x_usart.c...
compiling stm32f10x_sdio.c...
compiling stm32f10x_dma.c...
compiling stm32f10x_flash.c...
compiling stm32f10x_i2c.c...
compiling stm32f10x_bkp.c...
compiling stm32f10x_pwr.c...
compiling stm32f10x_rtc.c...
compiling bsp.c...
compiling lib_ascii.c...
compiling lib_math.c...
compiling lib_mem.c...
compiling lib_str.c...
compiling os_cfg_app.c...
compiling os_core.c...
compiling os_dbg.c...
compiling os_flag.c...
compiling os_int.c...
compiling os_mem.c...
compiling os_msg.c...
compiling os_mutex.c...
compiling os_pend_multi.c...
compiling os_prio.c...
compiling os_q.c...
compiling os_sem.c...
compiling os_stat.c...
compiling os_task.c...
compiling os_tick.c...
compiling os_time.c...
compiling os_tmr.c...
compiling os_var.c...
compiling os_cpu_c.c...
compiling os_app_hooks.c...
compiling GUIConf.c...
compiling GUI_X_UCOSIII.c...
compiling LCDConf_FlexColor_Template.c...
compiling GUI_X_Touch_Analog.c...
..\EMWIN\STemWin\Config\GUI_X_Touch_Analog.c(62): warning:  #940-D: missing return statement at end of non-void function "GUI_TOUCH_X_MeasureX"
  }
..\EMWIN\STemWin\Config\GUI_X_Touch_Analog.c(76): warning:  #940-D: missing return statement at end of non-void function "GUI_TOUCH_X_MeasureY"
  }
..\EMWIN\STemWin\Config\GUI_X_Touch_Analog.c: 2 warnings, 0 errors
compiling cpu_core.c...
compiling cpu_c.c...
compiling 2ddisplay.c...
compiling Background_Image.c...
compiling api.c...
..\PERIPHERAL\system_platform.h(44): warning:  #47-D: incompatible redefinition of macro "M25P80_NSS_GPIO" (declared at line 50 of "..\HARDWARE\SPI\spi.h")
        #define M25P80_NSS_GPIO GPIOB
..\PERIPHERAL\system_platform.h(45): warning:  #47-D: incompatible redefinition of macro "M25P80_NSS_PIN" (declared at line 51 of "..\HARDWARE\SPI\spi.h")
        #define M25P80_NSS_PIN  GPIO_Pin_12
..\PERIPHERAL\api.c: 2 warnings, 0 errors
compiling ggsensor.c...
..\PERIPHERAL\system_platform.h(44): warning:  #47-D: incompatible redefinition of macro "M25P80_NSS_GPIO" (declared at line 50 of "..\HARDWARE\SPI\spi.h")
        #define M25P80_NSS_GPIO GPIOB
..\PERIPHERAL\system_platform.h(45): warning:  #47-D: incompatible redefinition of macro "M25P80_NSS_PIN" (declared at line 51 of "..\HARDWARE\SPI\spi.h")
        #define M25P80_NSS_PIN  GPIO_Pin_12
..\PERIPHERAL\ggsensor.c: 2 warnings, 0 errors
compiling VEML6070.c...
..\PERIPHERAL\system_platform.h(44): warning:  #47-D: incompatible redefinition of macro "M25P80_NSS_GPIO" (declared at line 50 of "..\HARDWARE\SPI\spi.h")
        #define M25P80_NSS_GPIO GPIOB
..\PERIPHERAL\system_platform.h(45): warning:  #47-D: incompatible redefinition of macro "M25P80_NSS_PIN" (declared at line 51 of "..\HARDWARE\SPI\spi.h")
        #define M25P80_NSS_PIN  GPIO_Pin_12
..\PERIPHERAL\VEML6070.c: 2 warnings, 0 errors
compiling LowRFM.c...
..\PERIPHERAL\system_platform.h(44): warning:  #47-D: incompatible redefinition of macro "M25P80_NSS_GPIO" (declared at line 50 of "..\HARDWARE\SPI\spi.h")
        #define M25P80_NSS_GPIO GPIOB
..\PERIPHERAL\system_platform.h(45): warning:  #47-D: incompatible redefinition of macro "M25P80_NSS_PIN" (declared at line 51 of "..\HARDWARE\SPI\spi.h")
        #define M25P80_NSS_PIN  GPIO_Pin_12
..\PERIPHERAL\LowRFM.c: 2 warnings, 0 errors
compiling veml6030.c...
..\PERIPHERAL\system_platform.h(44): warning:  #47-D: incompatible redefinition of macro "M25P80_NSS_GPIO" (declared at line 50 of "..\HARDWARE\SPI\spi.h")
        #define M25P80_NSS_GPIO GPIOB
..\PERIPHERAL\system_platform.h(45): warning:  #47-D: incompatible redefinition of macro "M25P80_NSS_PIN" (declared at line 51 of "..\HARDWARE\SPI\spi.h")
        #define M25P80_NSS_PIN  GPIO_Pin_12
..\PERIPHERAL\veml6030.c: 2 warnings, 0 errors
compiling spi_rf.c...
compiling sx12xxEiger.c...
compiling sx12xxUserfunc.c...
compiling sx1276-Hal.c...
compiling sx1276.c...
compiling sx1276-LoRaMisc.c...
..\PERIPHERAL\system_platform.h(44): warning:  #47-D: incompatible redefinition of macro "M25P80_NSS_GPIO" (declared at line 50 of "..\HARDWARE\SPI\spi.h")
        #define M25P80_NSS_GPIO GPIOB
..\PERIPHERAL\system_platform.h(45): warning:  #47-D: incompatible redefinition of macro "M25P80_NSS_PIN" (declared at line 51 of "..\HARDWARE\SPI\spi.h")
        #define M25P80_NSS_PIN  GPIO_Pin_12
..\PERIPHERAL\SX1278\radio\sx1276-LoRaMisc.c: 2 warnings, 0 errors
compiling sx1276-LoRa.c...
compiling EEPROM.C...
..\PERIPHERAL\system_platform.h(44): warning:  #47-D: incompatible redefinition of macro "M25P80_NSS_GPIO" (declared at line 50 of "..\HARDWARE\SPI\spi.h")
        #define M25P80_NSS_GPIO GPIOB
..\PERIPHERAL\system_platform.h(45): warning:  #47-D: incompatible redefinition of macro "M25P80_NSS_PIN" (declared at line 51 of "..\HARDWARE\SPI\spi.h")
        #define M25P80_NSS_PIN  GPIO_Pin_12
..\PERIPHERAL\EEPROM.C: 2 warnings, 0 errors
linking...
Program Size: Code=161850 RO-data=46302 RW-data=3728 ZI-data=914400  
FromELF: creating hex file...
"..\OBJ\EZ281_Code.axf" - 0 Error(s), 29 Warning(s).

<h2>Collection of Component include folders:</h2>
  C:\Users\wjl\Desktop\工作文件-wjl\提交文档\5.27\USER\RTE
  C:\Keil_v5\ARM\PACK\Keil\STM32F1xx_DFP\1.1.0\Device\Include

<h2>Collection of Component Files used:</h2>
</pre>
</body>
</html>
